Launching lib\main.dart on Chrome in debug mode...
Waiting for connection from debug service on Chrome...          
flutter : lib/doctor/patient_
reports.dart:1275:25: Error: 
No named parameter with the 
name 'backdropFilter'.
At line:1 char:1
+ flutter run -d chrome > 
build_output.txt 2>&1
+ ~~~~~~~~~~~~~~~~~~~~~~~~~~~
~~~~~~~~~~~~~~~~~~
    + CategoryInfo           
   : NotSpecified: (lib/doc  
  tor/pati...ackdropFilter   
 '.:String) [], RemoteExc    
eption
    + FullyQualifiedErrorId  
   : NativeCommandError
 
                        
backdropFilter: ColorFilter.m
ode(Colors.black.withValues(a
lpha: 0.1), BlendMode.dstIn),
                        
^^^^^^^^^^^^^^
/C:/flutter/packages/flutter/
lib/src/painting/box_decorati
on.dart:93:9: Context: Found 
this candidate, but the 
arguments don't match.
  const BoxDecoration({
        ^^^^^^^^^^^^^
Waiting for connection from debug service on Chrome...             33.8s
Failed to compile 
application.
